[tympanus.net/Development/FullscreenForm/index.html]
[backblue.gif]
[fade.gif]
[index.html]
[tympanus.net/Development/favicon.ico]
[tympanus.net/Development/FullscreenForm/css/normalize.css]
[tympanus.net/Development/FullscreenForm/css/demo.css]
[tympanus.net/Development/FullscreenForm/css/component.css]
[tympanus.net/Development/FullscreenForm/css/cs-select.css]
[tympanus.net/Development/FullscreenForm/css/cs-skin-boxes.css]
[tympanus.net/Development/FullscreenForm/js/modernizr.custom.js]
[tympanus.net/Development/FullscreenForm/img/relatedposts/minimalform1-300x162.png]
[tympanus.net/Development/FullscreenForm/img/relatedposts/MorphingButtons-300x162.png]
[tympanus.net/Development/FullscreenForm/js/classie.js]
[tympanus.net/Development/FullscreenForm/js/selectFx.js]
[tympanus.net/Development/FullscreenForm/js/fullscreenForm.js]
[tympanus.net/Development/FullscreenForm/index.html]
[tympanus.net/Development/FullscreenForm/css/normalize.css]
[tympanus.net/Development/FullscreenForm/fonts/codropsicons/codropsicons.eot]
[tympanus.net/Development/FullscreenForm/fonts/codropsicons/codropsiconsd41d.eot]
[tympanus.net/Development/FullscreenForm/fonts/codropsicons/codropsicons.woff]
[tympanus.net/Development/FullscreenForm/fonts/codropsicons/codropsicons.ttf]
[tympanus.net/Development/FullscreenForm/fonts/codropsicons/codropsicons.svg]
[tympanus.net/Development/FullscreenForm/css/demo.css]
[tympanus.net/Development/FullscreenForm/img/abacusstar.svg]
[tympanus.net/Development/FullscreenForm/img/mobile.svg]
[tympanus.net/Development/FullscreenForm/img/social.svg]
[tympanus.net/Development/FullscreenForm/img/conversion.svg]
[tympanus.net/Development/FullscreenForm/img/dollar.svg]
[tympanus.net/Development/FullscreenForm/css/component.css]
[tympanus.net/Development/FullscreenForm/css/cs-select.css]
[tympanus.net/Development/FullscreenForm/css/cs-skin-boxes.css]
[tympanus.net/Development/NotificationStyles/index.html]
[tympanus.net/Development/MinimalForm/index.html]
[tympanus.net/Development/ButtonComponentMorph/index.html]
[tympanus.net/Development/FullscreenForm/fonts/codropsicons/codropsicons.svg]
[tympanus.net/Development/FullscreenForm/img/abacusstar.svg]
[tympanus.net/Development/FullscreenForm/img/mobile.svg]
[tympanus.net/Development/FullscreenForm/img/social.svg]
[tympanus.net/Development/FullscreenForm/img/conversion.svg]
[tympanus.net/Development/FullscreenForm/img/dollar.svg]
